--------------------------------------------------------------------------------------
Timing Analyzer Summary
--------------------------------------------------------------------------------------

Type           : Worst-case tsu
Slack          : N/A
Required Time  : None
Actual Time    : -0.900 ns
From           : Esquerda
To             : debounce:inst12|my_dff:d1|Q
From Clock     : --
To Clock       : clock
Failed Paths   : 0

Type           : Worst-case tco
Slack          : N/A
Required Time  : None
Actual Time    : 20.100 ns
From           : inst8
To             : Rout
From Clock     : clock
To Clock       : --
Failed Paths   : 0

Type           : Worst-case th
Slack          : N/A
Required Time  : None
Actual Time    : 6.300 ns
From           : Cima
To             : debounce:inst9|my_dff:d1|Q
From Clock     : --
To Clock       : clock
Failed Paths   : 0

Type           : Clock Setup: 'clock'
Slack          : N/A
Required Time  : None
Actual Time    : 21.74 MHz ( period = 46.000 ns )
From           : controle:inst24|state.S0
To             : galinha:inst5|column_count[1]
From Clock     : clock
To Clock       : clock
Failed Paths   : 0

Type           : Clock Hold: 'clock'
Slack          : Not operational: Clock Skew > Data Delay
Required Time  : None
Actual Time    : N/A
From           : inst3
To             : carro1:inst7|column_count[30]
From Clock     : clock
To Clock       : clock
Failed Paths   : 63

Type           : Total number of failed paths
Slack          : 
Required Time  : 
Actual Time    : 
From           : 
To             : 
From Clock     : 
To Clock       : 
Failed Paths   : 63

--------------------------------------------------------------------------------------

